ParseError {#4279
  #message: "syntax error, unexpected token "private""
  #code: 0
  #file: "C:\Users\azizr\OneDrive\Bureau\studly\src\Entity\User.php"
  #line: 290
  trace: {
    C:\Users\azizr\OneDrive\Bureau\studly\src\Entity\User.php:290 {
      Symfony\Component\ErrorHandler\DebugClassLoader->loadClass(string $class): void
      ÔÇ║ #[ORM\OneToMany(mappedBy: 'user', targetEntity: Course::class)]\r
      ÔÇ║ private Collection $courses;\r
      ÔÇ║ \r
    }
    Symfony\Component\ErrorHandler\DebugClassLoader->loadClass() {}
    C:\Users\azizr\OneDrive\Bureau\studly\vendor\symfony\http-kernel\DependencyInjection\RegisterControllerArgumentLocatorsPass.php:162 { ÔÇª}
    C:\Users\azizr\OneDrive\Bureau\studly\vendor\symfony\dependency-injection\Compiler\Compiler.php:80 { ÔÇª}
    C:\Users\azizr\OneDrive\Bureau\studly\vendor\symfony\dependency-injection\ContainerBuilder.php:768 { ÔÇª}
    C:\Users\azizr\OneDrive\Bureau\studly\vendor\symfony\http-kernel\Kernel.php:518 { ÔÇª}
    C:\Users\azizr\OneDrive\Bureau\studly\vendor\symfony\http-kernel\Kernel.php:783 { ÔÇª}
    C:\Users\azizr\OneDrive\Bureau\studly\vendor\symfony\http-kernel\Kernel.php:128 { ÔÇª}
    C:\Users\azizr\OneDrive\Bureau\studly\vendor\symfony\framework-bundle\Console\Application.php:190 { ÔÇª}
    C:\Users\azizr\OneDrive\Bureau\studly\vendor\symfony\framework-bundle\Console\Application.php:72 { ÔÇª}
    C:\Users\azizr\OneDrive\Bureau\studly\vendor\symfony\console\Application.php:175 { ÔÇª}
    C:\Users\azizr\OneDrive\Bureau\studly\vendor\symfony\runtime\Runner\Symfony\ConsoleApplicationRunner.php:49 { ÔÇª}
    C:\Users\azizr\OneDrive\Bureau\studly\vendor\autoload_runtime.php:29 { ÔÇª}
    C:\Users\azizr\OneDrive\Bureau\studly\bin\console:15 { ÔÇª}
  }
}
php : 2026-02-10T09:4
8:02+01:00 
[critical] Uncaught 
Error: syntax error, 
unexpected token 
"private"
Au caractère Ligne:1 
: 1
+ php bin/console 
cache:clear -vvv > 
error.log 2>&1
+ ~~~~~~~~~~~~~~~~~~~
~~~~~~~~~~~~~~~~~~~~~
~~~~~~~~~
    + CategoryInfo   
           : NotSpe  
  cified: (2026-02   
 -10T09:4...token    
 "private":Strin    
g) [], RemoteExc    
eption
    + FullyQualified 
   ErrorId : Native  
  CommandError
 
